Microchip MPLAB XC8 Compiler V1.38 ()

Linker command line:

--edf=C:\Program Files (x86)\Microchip\xc8\v1.38\dat\en_msgs.txt -cs \
  -h+dist/default/production\BLE-Masters16.X.production.sym \
  --cmf=dist/default/production\BLE-Masters16.X.production.cmf -z -Q16F1619 \
  -oC:\Users\FBIOSO~1\AppData\Local\Temp\s1duc.2 \
  -Mdist/default/production/BLE-Masters16.X.production.map -E1 -ver=XC8 \
  -ASTACK=0203Fh-023efh -pstack=STACK -ACODE=00h-07FFhx4 \
  -ASTRCODE=00h-01FFFh -ASTRING=00h-0FFhx32 -ACONST=00h-0FFhx32 \
  -AENTRY=00h-0FFhx32 -ACOMMON=070h-07Fh -ABANK0=020h-06Fh \
  -ABANK1=0A0h-0EFh -ABANK2=0120h-016Fh -ABANK3=01A0h-01EFh \
  -ABANK4=0220h-026Fh -ABANK5=02A0h-02EFh -ABANK6=0320h-036Fh \
  -ABANK7=03A0h-03EFh -ABANK8=0420h-046Fh -ABANK9=04A0h-04EFh \
  -ABANK10=0520h-056Fh -ABANK11=05A0h-05EFh -ABANK12=0620h-064Fh \
  -ABIGRAM=02000h-023EFh \
  -ARAM=020h-06Fh,0A0h-0EFh,0120h-016Fh,01A0h-01EFh,0220h-026Fh,02A0h-02EFh,0320h-036Fh,03A0h-03EFh,0420h-046Fh,04A0h-04EFh,0520h-056Fh,05A0h-05EFh,0620h-064Fh \
  -AABS1=020h-07Fh,0A0h-0EFh,0120h-016Fh,01A0h-01EFh,0220h-026Fh,02A0h-02EFh,0320h-036Fh,03A0h-03EFh,0420h-046Fh,04A0h-04EFh,0520h-056Fh,05A0h-05EFh,0620h-064Fh \
  -ASFR0=00h-01Fh -ASFR1=080h-09Fh -ASFR2=0100h-011Fh -ASFR3=0180h-019Fh \
  -ASFR4=0200h-021Fh -ASFR5=0280h-029Fh -ASFR6=0300h-031Fh \
  -ASFR7=0380h-039Fh -ASFR8=0400h-041Fh -ASFR9=0480h-049Fh \
  -ASFR10=0500h-051Fh -ASFR11=0580h-059Fh -ASFR12=0600h-061Fh \
  -ASFR13=0680h-06EFh -ASFR14=0700h-076Fh -ASFR15=0780h-07EFh \
  -ASFR16=0800h-086Fh -ASFR17=0880h-08EFh -ASFR18=0900h-096Fh \
  -ASFR19=0980h-09EFh -ASFR20=0A00h-0A6Fh -ASFR21=0A80h-0AEFh \
  -ASFR22=0B00h-0B6Fh -ASFR23=0B80h-0BEFh -ASFR24=0C00h-0C6Fh \
  -ASFR25=0C80h-0CEFh -ASFR26=0D00h-0D6Fh -ASFR27=0D80h-0DEFh \
  -ASFR28=0E00h-0E6Fh -ASFR29=0E80h-0EEFh -ASFR30=0F00h-0F6Fh \
  -ASFR31=0F80h-0FEFh -preset_vec=00h,intentry,init,end_init -ppowerup=CODE \
  -pcinit=CODE -pfunctab=CODE -ACONFIG=08007h-08009h -pconfig=CONFIG \
  -DCONFIG=2 -AIDLOC=08000h-08003h -pidloc=IDLOC -DIDLOC=2 -DCODE=2 \
  -DSTRCODE=2 -DSTRING=2 -DCONST=2 -DENTRY=2 -k \
  C:\Users\FBIOSO~1\AppData\Local\Temp\s1duc.obj \
  dist/default/production\BLE-Masters16.X.production.obj 

Object code version is 3.11

Machine type is 16F1619



                Name                               Link     Load   Length Selector   Space Scale
C:\Users\FBIOSO~1\AppData\Local\Temp\s1duc.obj
                end_init                              2        2        2        0       0
                reset_vec                             0        0        2        0       0
                config                             8007     8007        3    1000E       0
dist/default/production\BLE-Masters16.X.production.obj
                cinit                               7F6      7F6        A      FEC       0
                text25                              4F9      4F9       1A      9F2       0
                text24                              470      470        9      8E0       0
                text23                              497      497        B      92E       0
                text22                              45C      45C        6      8B8       0
                text21                              600      600       3D      C00       0
                text20                              4A2      4A2        B      944       0
                text19                              451      451        3      8A2       0
                text18                              4B8      4B8        D      970       0
                text17                              4D3      4D3       12      9A6       0
                text16                              479      479        A      8F2       0
                text15                              454      454        3      8A8       0
                text14                              572      572       27      AE4       0
                text13                              5CC      5CC       34      B98       0
                text12                              513      513       1B      A26       0
                text11                              4C5      4C5        E      98A       0
                text10                              468      468        8      8D0       0
                text9                               457      457        5      8AE       0
                text8                               6C8      6C8      12E      D90       0
                text7                               52E      52E       1F      A5C       0
                text6                               54D      54D       25      A9A       0
                text5                               599      599       33      B32       0
                text4                               483      483        A      906       0
                text3                               4E5      4E5       14      9CA       0
                text2                               4AD      4AD        B      95A       0
                text1                               48D      48D        A      91A       0
                maintext                            63D      63D       8B      C7A       0
                cstackBANK0                          40       40       1F       20       1
                cstackCOMMON                         70       70        E       70       1
                clrtext                             462      462        6      8C4       0
                bssBANK0                             20       20       20       20       1
                stringtext                          800      800       AB     1000       0

TOTAL           Name                               Link     Load   Length     Space
        CLASS   STACK          

        CLASS   CODE           
                end_init                              2        2        2         0
                cinit                               7F6      7F6        A         0
                reset_vec                             0        0        2         0
                text25                              4F9      4F9       1A         0
                text24                              470      470        9         0
                text23                              497      497        B         0
                text22                              45C      45C        6         0
                text21                              600      600       3D         0
                text20                              4A2      4A2        B         0
                text19                              451      451        3         0
                text18                              4B8      4B8        D         0
                text17                              4D3      4D3       12         0
                text16                              479      479        A         0
                text15                              454      454        3         0
                text14                              572      572       27         0
                text13                              5CC      5CC       34         0
                text12                              513      513       1B         0
                text11                              4C5      4C5        E         0
                text10                              468      468        8         0
                text9                               457      457        5         0
                text8                               6C8      6C8      12E         0
                text7                               52E      52E       1F         0
                text6                               54D      54D       25         0
                text5                               599      599       33         0
                text4                               483      483        A         0
                text3                               4E5      4E5       14         0
                text2                               4AD      4AD        B         0
                text1                               48D      48D        A         0
                maintext                            63D      63D       8B         0
                clrtext                             462      462        6         0

        CLASS   STRCODE        
                stringtext                          800      800       AB         0

        CLASS   STRING         

        CLASS   CONST          

        CLASS   ENTRY          

        CLASS   COMMON         
                cstackCOMMON                         70       70        E         1

        CLASS   BANK0          
                cstackBANK0                          40       40       1F         1
                bssBANK0                             20       20       20         1

        CLASS   BANK1          

        CLASS   BANK2          

        CLASS   BANK3          

        CLASS   BANK4          

        CLASS   BANK5          

        CLASS   BANK6          

        CLASS   BANK7          

        CLASS   BANK8          

        CLASS   BANK9          

        CLASS   BANK10         

        CLASS   BANK11         

        CLASS   BANK12         

        CLASS   BIGRAM         

        CLASS   RAM            

        CLASS   ABS1           
                abs_s1                               7E       7E        2         1

        CLASS   SFR0           

        CLASS   SFR1           

        CLASS   SFR2           

        CLASS   SFR3           

        CLASS   SFR4           

        CLASS   SFR5           

        CLASS   SFR6           

        CLASS   SFR7           

        CLASS   SFR8           

        CLASS   SFR9           

        CLASS   SFR10          

        CLASS   SFR11          

        CLASS   SFR12          

        CLASS   SFR13          

        CLASS   SFR14          

        CLASS   SFR15          

        CLASS   SFR16          

        CLASS   SFR17          

        CLASS   SFR18          

        CLASS   SFR19          

        CLASS   SFR20          

        CLASS   SFR21          

        CLASS   SFR22          

        CLASS   SFR23          

        CLASS   SFR24          

        CLASS   SFR25          

        CLASS   SFR26          

        CLASS   SFR27          

        CLASS   SFR28          

        CLASS   SFR29          

        CLASS   SFR30          

        CLASS   SFR31          

        CLASS   CONFIG         
                config                             8007     8007        3         0

        CLASS   IDLOC          

        CLASS   BANK31         

        CLASS   BANK30         

        CLASS   BANK29         

        CLASS   BANK28         

        CLASS   BANK27         

        CLASS   BANK26         

        CLASS   BANK25         

        CLASS   BANK24         

        CLASS   BANK23         

        CLASS   BANK22         

        CLASS   BANK21         

        CLASS   BANK20         

        CLASS   BANK19         

        CLASS   BANK18         

        CLASS   BANK17         

        CLASS   BANK16         

        CLASS   BANK15         

        CLASS   BANK14         

        CLASS   BANK13         

        CLASS   EEDATA         



SEGMENTS        Name                           Load    Length   Top    Selector   Space  Class     Delta

                reset_vec                      000000  000004  000004         0       0  CODE        2
                bssBANK0                       000020  00003F  00005F        20       1  BANK0       1
                cstackCOMMON                   000070  00000E  00007E        70       1  COMMON      1
                text19                         000451  000003  000454       8A2       0  CODE        2
                text15                         000454  000003  000457       8A8       0  CODE        2
                text9                          000457  000005  00045C       8AE       0  CODE        2
                text22                         00045C  000006  000462       8B8       0  CODE        2
                clrtext                        000462  000006  000468       8C4       0  CODE        2
                text10                         000468  000008  000470       8D0       0  CODE        2
                text24                         000470  000009  000479       8E0       0  CODE        2
                text16                         000479  00000A  000483       8F2       0  CODE        2
                text4                          000483  00000A  00048D       906       0  CODE        2
                text1                          00048D  00000A  000497       91A       0  CODE        2
                text23                         000497  00000B  0004A2       92E       0  CODE        2
                text20                         0004A2  00000B  0004AD       944       0  CODE        2
                text2                          0004AD  00000B  0004B8       95A       0  CODE        2
                text18                         0004B8  00000D  0004C5       970       0  CODE        2
                text11                         0004C5  00000E  0004D3       98A       0  CODE        2
                text17                         0004D3  000012  0004E5       9A6       0  CODE        2
                text3                          0004E5  000014  0004F9       9CA       0  CODE        2
                text25                         0004F9  00001A  000513       9F2       0  CODE        2
                text12                         000513  00001B  00052E       A26       0  CODE        2
                text7                          00052E  00001F  00054D       A5C       0  CODE        2
                text6                          00054D  000025  000572       A9A       0  CODE        2
                text14                         000572  000027  000599       AE4       0  CODE        2
                text5                          000599  000033  0005CC       B32       0  CODE        2
                text13                         0005CC  000034  000600       B98       0  CODE        2
                text21                         000600  00003D  00063D       C00       0  CODE        2
                maintext                       00063D  00008B  0006C8       C7A       0  CODE        2
                text8                          0006C8  00012E  0007F6       D90       0  CODE        2
                cinit                          0007F6  00000A  000800       FEC       0  CODE        2
                stringtext                     000800  0000AB  0008AB      1000       0  STRCODE     2
                config                         008007  000003  00800A     1000E       0  CONFIG      2


UNUSED ADDRESS RANGES

        Name                Unused          Largest block    Delta
        BANK0            0005F-0006F              11           1
        BANK1            000A0-000EF              50           1
        BANK10           00520-0056F              50           1
        BANK11           005A0-005EF              50           1
        BANK12           00620-0064F              30           1
        BANK2            00120-0016F              50           1
        BANK3            001A0-001EF              50           1
        BANK4            00220-0026F              50           1
        BANK5            002A0-002EF              50           1
        BANK6            00320-0036F              50           1
        BANK7            003A0-003EF              50           1
        BANK8            00420-0046F              50           1
        BANK9            004A0-004EF              50           1
        BIGRAM           02000-023EF             3F0           1
        CODE             00004-00450             44D           2
                         008AB-01FFF             800
        CONST            00004-00450             100           2
                         008AB-01FFF             100
        ENTRY            00004-00450             100           2
                         008AB-01FFF             100
        IDLOC            08000-08003               4           2
        RAM              0005F-0006F              11           1
                         000A0-000EF              50
                         00120-0016F              50
                         001A0-001EF              50
                         00220-0026F              50
                         002A0-002EF              50
                         00320-0036F              50
                         003A0-003EF              50
                         00420-0046F              50
                         004A0-004EF              50
                         00520-0056F              50
                         005A0-005EF              50
                         00620-0064F              30
        SFR0             00000-0001F              20           1
        SFR1             00080-0009F              20           1
        SFR10            00500-0051F              20           1
        SFR11            00580-0059F              20           1
        SFR12            00600-0061F              20           1
        SFR13            00680-006EF              70           1
        SFR14            00700-0076F              70           1
        SFR15            00780-007EF              70           1
        SFR16            00800-0086F              70           1
        SFR17            00880-008EF              70           1
        SFR18            00900-0096F              70           1
        SFR19            00980-009EF              70           1
        SFR2             00100-0011F              20           1
        SFR20            00A00-00A6F              70           1
        SFR21            00A80-00AEF              70           1
        SFR22            00B00-00B6F              70           1
        SFR23            00B80-00BEF              70           1
        SFR24            00C00-00C6F              70           1
        SFR25            00C80-00CEF              70           1
        SFR26            00D00-00D6F              70           1
        SFR27            00D80-00DEF              70           1
        SFR28            00E00-00E6F              70           1
        SFR29            00E80-00EEF              70           1
        SFR3             00180-0019F              20           1
        SFR30            00F00-00F6F              70           1
        SFR31            00F80-00FEF              70           1
        SFR4             00200-0021F              20           1
        SFR5             00280-0029F              20           1
        SFR6             00300-0031F              20           1
        SFR7             00380-0039F              20           1
        SFR8             00400-0041F              20           1
        SFR9             00480-0049F              20           1
        STACK            0203F-023EF             3B1           1
        STRCODE          00004-00450             44D           2
                         008AB-01FFF            1755
        STRING           00004-00450             100           2
                         008AB-01FFF             100

                                  Symbol Table

?_ADC1_GetConversion                  cstackCOMMON 00070
?___lwdiv                             cstackCOMMON 00070
?___wmul                              cstackCOMMON 00070
?_printf                              cstackBANK0  00040
ADC1_GetConversion@channel            cstackCOMMON 00073
EUSART_Write@txData                   cstackCOMMON 00070
PIN_MANAGER_Initialize@state          cstackCOMMON 00070
SendBatteryValue@value                cstackBANK0  00053
SendHealthThermometer@temperature     cstackCOMMON 0007D
SendHealthThermometer@type            cstackCOMMON 0007C
SendHeartHateValue@BodySensorLocation cstackBANK0  00053
SendHeartHateValue@RR                 cstackBANK0  00052
SendHeartHateValue@bpm                cstackCOMMON 0007C
SendHeartHateValue@energy             cstackBANK0  00051
TMR2_HasOverflowOccured@status        cstackCOMMON 00070
_ADC1_GetConversion                   text25       004F9
_ADC1_Initialize                      text24       00470
_ADCON0                               (abs)        0009D
_ADCON0bits                           (abs)        0009D
_ADCON1                               (abs)        0009E
_ADCON2                               (abs)        0009F
_ADRESH                               (abs)        0009C
_ADRESL                               (abs)        0009B
_ANSELA                               (abs)        0018C
_ANSELB                               (abs)        0018D
_ANSELC                               (abs)        0018E
_BAUD1CON                             (abs)        0019F
_CCPTMRSbits                          (abs)        0029E
_EUSART_Initialize                    text23       00497
_EUSART_Read                          text16       00479
_EUSART_Write                         text10       00468
_GIE                                  (abs)        0005F
_LATA                                 (abs)        0010C
_LATA2                                (abs)        00862
_LATA4                                (abs)        00864
_LATB                                 (abs)        0010D
_LATC                                 (abs)        0010E
_OPTION_REGbits                       (abs)        00095
_OSCCON                               (abs)        00099
_OSCILLATOR_Initialize                text22       0045C
_OSCSTAT                              (abs)        0009A
_OSCTUNE                              (abs)        00098
_PIN_MANAGER_Initialize               text21       00600
_PIR1bits                             (abs)        00010
_PPSLOCK                              (abs)        00E0F
_PPSLOCKbits                          (abs)        00E0F
_PR2                                  (abs)        0001B
_PWM4CON                              (abs)        0061C
_PWM4DCH                              (abs)        0061B
_PWM4DCL                              (abs)        0061A
_PWM4_Initialize                      text20       004A2
_RB7PPS                               (abs)        00E9F
_RC1REG                               (abs)        00199
_RC1STA                               (abs)        0019D
_RC1STAbits                           (abs)        0019D
_RC2                                  (abs)        00072
_RC7PPS                               (abs)        00EA7
_RXPPS                                (abs)        00E24
_SPBRGH                               (abs)        0019C
_SPBRGL                               (abs)        0019B
_SYSTEM_Initialize                    text17       004D3
_SendBatteryValue                     text7        0052E
_SendBatteryValue$584                 cstackBANK0  00051
_SendHealthThermometer                text6        0054D
_SendHeartHateValue                   text5        00599
_T2CLKCON                             (abs)        0001E
_T2CON                                (abs)        0001C
_T2CONbits                            (abs)        0001C
_T2HLT                                (abs)        0001D
_T2HLTbits                            (abs)        0001D
_T2PR                                 (abs)        0001B
_T2RST                                (abs)        0001F
_T2RSTbits                            (abs)        0001F
_T2TMR                                (abs)        0001A
_TMR2                                 (abs)        0001A
_TMR2_HasOverflowOccured              text4        00483
_TMR2_Initialize                      text18       004B8
_TMR2_Start                           text19       00451
_TRISA                                (abs)        0008C
_TRISB                                (abs)        0008D
_TRISC                                (abs)        0008E
_TX1REG                               (abs)        0019A
_TX1STA                               (abs)        0019E
_WPUB                                 (abs)        0020D
_WPUC                                 (abs)        0020E
__CFG_BOREN$ON                        (abs)        00000
__CFG_BORV$LO                         (abs)        00000
__CFG_CLKOUTEN$OFF                    (abs)        00000
__CFG_CP$OFF                          (abs)        00000
__CFG_FCMEN$ON                        (abs)        00000
__CFG_FOSC$INTOSC                     (abs)        00000
__CFG_IESO$ON                         (abs)        00000
__CFG_LPBOR$OFF                       (abs)        00000
__CFG_LVP$ON                          (abs)        00000
__CFG_MCLRE$ON                        (abs)        00000
__CFG_PLLEN$ON                        (abs)        00000
__CFG_PPS1WAY$ON                      (abs)        00000
__CFG_PWRTE$OFF                       (abs)        00000
__CFG_STVREN$ON                       (abs)        00000
__CFG_WDTCCS$SWC                      (abs)        00000
__CFG_WDTCPS$WDTCPS1F                 (abs)        00000
__CFG_WDTCWS$WDTCWSSW                 (abs)        00000
__CFG_WDTE$OFF                        (abs)        00000
__CFG_WRT$OFF                         (abs)        00000
__CFG_ZCD$OFF                         (abs)        00000
__Habs1                               abs1         00000
__Hbank0                              bank0        00000
__Hbank1                              bank1        00000
__Hbank10                             bank10       00000
__Hbank11                             bank11       00000
__Hbank12                             bank12       00000
__Hbank13                             bank13       00000
__Hbank14                             bank14       00000
__Hbank15                             bank15       00000
__Hbank16                             bank16       00000
__Hbank17                             bank17       00000
__Hbank18                             bank18       00000
__Hbank19                             bank19       00000
__Hbank2                              bank2        00000
__Hbank20                             bank20       00000
__Hbank21                             bank21       00000
__Hbank22                             bank22       00000
__Hbank23                             bank23       00000
__Hbank24                             bank24       00000
__Hbank25                             bank25       00000
__Hbank26                             bank26       00000
__Hbank27                             bank27       00000
__Hbank28                             bank28       00000
__Hbank29                             bank29       00000
__Hbank3                              bank3        00000
__Hbank30                             bank30       00000
__Hbank31                             bank31       00000
__Hbank4                              bank4        00000
__Hbank5                              bank5        00000
__Hbank6                              bank6        00000
__Hbank7                              bank7        00000
__Hbank8                              bank8        00000
__Hbank9                              bank9        00000
__Hbigram                             bigram       00000
__HbssBANK0                           bssBANK0     00000
__Hcinit                              cinit        00800
__Hclrtext                            clrtext      00000
__Hcode                               code         00000
__Hcommon                             common       00000
__Hconfig                             config       0800A
__HcstackBANK0                        cstackBANK0  00000
__HcstackCOMMON                       cstackCOMMON 00000
__Heeprom_data                        eeprom_data  00000
__Hend_init                           end_init     00004
__Hfunctab                            functab      00000
__Hidloc                              idloc        00000
__Hinit                               init         00002
__Hintentry                           intentry     00002
__Hmaintext                           maintext     00000
__Hpowerup                            powerup      00000
__Hram                                ram          00000
__Hreset_vec                          reset_vec    00002
__Hsfr0                               sfr0         00000
__Hsfr1                               sfr1         00000
__Hsfr10                              sfr10        00000
__Hsfr11                              sfr11        00000
__Hsfr12                              sfr12        00000
__Hsfr13                              sfr13        00000
__Hsfr14                              sfr14        00000
__Hsfr15                              sfr15        00000
__Hsfr16                              sfr16        00000
__Hsfr17                              sfr17        00000
__Hsfr18                              sfr18        00000
__Hsfr19                              sfr19        00000
__Hsfr2                               sfr2         00000
__Hsfr20                              sfr20        00000
__Hsfr21                              sfr21        00000
__Hsfr22                              sfr22        00000
__Hsfr23                              sfr23        00000
__Hsfr24                              sfr24        00000
__Hsfr25                              sfr25        00000
__Hsfr26                              sfr26        00000
__Hsfr27                              sfr27        00000
__Hsfr28                              sfr28        00000
__Hsfr29                              sfr29        00000
__Hsfr3                               sfr3         00000
__Hsfr30                              sfr30        00000
__Hsfr31                              sfr31        00000
__Hsfr4                               sfr4         00000
__Hsfr5                               sfr5         00000
__Hsfr6                               sfr6         00000
__Hsfr7                               sfr7         00000
__Hsfr8                               sfr8         00000
__Hsfr9                               sfr9         00000
__Hspace_0                            (abs)        0800A
__Hspace_1                            (abs)        0007E
__Hspace_2                            (abs)        00000
__Hspace_3                            (abs)        00000
__Hstack                              stack        00000
__Hstrings                            strings      00000
__Hstringtext                         stringtext   00000
__Htext                               text         00000
__Labs1                               abs1         00000
__Lbank0                              bank0        00000
__Lbank1                              bank1        00000
__Lbank10                             bank10       00000
__Lbank11                             bank11       00000
__Lbank12                             bank12       00000
__Lbank13                             bank13       00000
__Lbank14                             bank14       00000
__Lbank15                             bank15       00000
__Lbank16                             bank16       00000
__Lbank17                             bank17       00000
__Lbank18                             bank18       00000
__Lbank19                             bank19       00000
__Lbank2                              bank2        00000
__Lbank20                             bank20       00000
__Lbank21                             bank21       00000
__Lbank22                             bank22       00000
__Lbank23                             bank23       00000
__Lbank24                             bank24       00000
__Lbank25                             bank25       00000
__Lbank26                             bank26       00000
__Lbank27                             bank27       00000
__Lbank28                             bank28       00000
__Lbank29                             bank29       00000
__Lbank3                              bank3        00000
__Lbank30                             bank30       00000
__Lbank31                             bank31       00000
__Lbank4                              bank4        00000
__Lbank5                              bank5        00000
__Lbank6                              bank6        00000
__Lbank7                              bank7        00000
__Lbank8                              bank8        00000
__Lbank9                              bank9        00000
__Lbigram                             bigram       00000
__LbssBANK0                           bssBANK0     00000
__Lcinit                              cinit        007F6
__Lclrtext                            clrtext      00000
__Lcode                               code         00000
__Lcommon                             common       00000
__Lconfig                             config       08007
__LcstackBANK0                        cstackBANK0  00000
__LcstackCOMMON                       cstackCOMMON 00000
__Leeprom_data                        eeprom_data  00000
__Lend_init                           end_init     00002
__Lfunctab                            functab      00000
__Lidloc                              idloc        00000
__Linit                               init         00002
__Lintentry                           intentry     00002
__Lmaintext                           maintext     00000
__Lpowerup                            powerup      00000
__Lram                                ram          00000
__Lreset_vec                          reset_vec    00000
__Lsfr0                               sfr0         00000
__Lsfr1                               sfr1         00000
__Lsfr10                              sfr10        00000
__Lsfr11                              sfr11        00000
__Lsfr12                              sfr12        00000
__Lsfr13                              sfr13        00000
__Lsfr14                              sfr14        00000
__Lsfr15                              sfr15        00000
__Lsfr16                              sfr16        00000
__Lsfr17                              sfr17        00000
__Lsfr18                              sfr18        00000
__Lsfr19                              sfr19        00000
__Lsfr2                               sfr2         00000
__Lsfr20                              sfr20        00000
__Lsfr21                              sfr21        00000
__Lsfr22                              sfr22        00000
__Lsfr23                              sfr23        00000
__Lsfr24                              sfr24        00000
__Lsfr25                              sfr25        00000
__Lsfr26                              sfr26        00000
__Lsfr27                              sfr27        00000
__Lsfr28                              sfr28        00000
__Lsfr29                              sfr29        00000
__Lsfr3                               sfr3         00000
__Lsfr30                              sfr30        00000
__Lsfr31                              sfr31        00000
__Lsfr4                               sfr4         00000
__Lsfr5                               sfr5         00000
__Lsfr6                               sfr6         00000
__Lsfr7                               sfr7         00000
__Lsfr8                               sfr8         00000
__Lsfr9                               sfr9         00000
__Lspace_0                            (abs)        00000
__Lspace_1                            (abs)        00000
__Lspace_2                            (abs)        00000
__Lspace_3                            (abs)        00000
__Lstack                              stack        00000
__Lstrings                            strings      00000
__Lstringtext                         stringtext   00000
__Ltext                               text         00000
__S0                                  (abs)        0800A
__S1                                  (abs)        0007E
__S2                                  (abs)        00000
___int_sp                             stack        00000
___latbits                            (abs)        00002
___lwdiv                              text13       005CC
___lwdiv@counter                      cstackCOMMON 00077
___lwdiv@dividend                     cstackCOMMON 00072
___lwdiv@divisor                      cstackCOMMON 00070
___lwdiv@quotient                     cstackCOMMON 00075
___sp                                 stack        00000
___wmul                               text12       00513
___wmul@multiplicand                  cstackCOMMON 00072
___wmul@multiplier                    cstackCOMMON 00070
___wmul@product                       cstackCOMMON 00074
__end_of_ADC1_GetConversion           text25       00513
__end_of_ADC1_Initialize              text24       00479
__end_of_EUSART_Initialize            text23       004A2
__end_of_EUSART_Read                  text16       00483
__end_of_EUSART_Write                 text10       00470
__end_of_OSCILLATOR_Initialize        text22       00462
__end_of_PIN_MANAGER_Initialize       text21       0063D
__end_of_PWM4_Initialize              text20       004AD
__end_of_SYSTEM_Initialize            text17       004E5
__end_of_SendBatteryValue             text7        0054D
__end_of_SendHealthThermometer        text6        00572
__end_of_SendHeartHateValue           text5        005CC
__end_of_TMR2_HasOverflowOccured      text4        0048D
__end_of_TMR2_Initialize              text18       004C5
__end_of_TMR2_Start                   text19       00454
__end_of___lwdiv                      text13       00600
__end_of___wmul                       text12       0052E
__end_of__initialization              cinit        007FD
__end_of_cputs                        text3        004F9
__end_of_getch                        text15       00457
__end_of_hexpowers                    stringtext   00808
__end_of_isdigit                      text11       004D3
__end_of_main                         maintext     006C8
__end_of_mygets                       text14       00599
__end_of_printf                       text8        007F6
__end_of_putch                        text9        0045C
__end_of_puts                         text2        004B8
__end_of_sendCMD                      text1        00497
__initialization                      cinit        007F6
__pbssBANK0                           bssBANK0     00020
__pcstackBANK0                        cstackBANK0  00040
__pcstackCOMMON                       cstackCOMMON 00070
__pmaintext                           maintext     0063D
__pstringtext                         stringtext   00800
__ptext1                              text1        0048D
__ptext10                             text10       00468
__ptext11                             text11       004C5
__ptext12                             text12       00513
__ptext13                             text13       005CC
__ptext14                             text14       00572
__ptext15                             text15       00454
__ptext16                             text16       00479
__ptext17                             text17       004D3
__ptext18                             text18       004B8
__ptext19                             text19       00451
__ptext2                              text2        004AD
__ptext20                             text20       004A2
__ptext21                             text21       00600
__ptext22                             text22       0045C
__ptext23                             text23       00497
__ptext24                             text24       00470
__ptext25                             text25       004F9
__ptext3                              text3        004E5
__ptext4                              text4        00483
__ptext5                              text5        00599
__ptext6                              text6        0054D
__ptext7                              text7        0052E
__ptext8                              text8        006C8
__ptext9                              text9        00457
__size_of_ADC1_GetConversion          (abs)        00000
__size_of_ADC1_Initialize             (abs)        00000
__size_of_EUSART_Initialize           (abs)        00000
__size_of_EUSART_Read                 (abs)        00000
__size_of_EUSART_Write                (abs)        00000
__size_of_OSCILLATOR_Initialize       (abs)        00000
__size_of_PIN_MANAGER_Initialize      (abs)        00000
__size_of_PWM4_Initialize             (abs)        00000
__size_of_SYSTEM_Initialize           (abs)        00000
__size_of_SendBatteryValue            (abs)        00000
__size_of_SendHealthThermometer       (abs)        00000
__size_of_SendHeartHateValue          (abs)        00000
__size_of_TMR2_HasOverflowOccured     (abs)        00000
__size_of_TMR2_Initialize             (abs)        00000
__size_of_TMR2_Start                  (abs)        00000
__size_of___lwdiv                     (abs)        00000
__size_of___wmul                      (abs)        00000
__size_of_cputs                       (abs)        00000
__size_of_getch                       (abs)        00000
__size_of_isdigit                     (abs)        00000
__size_of_main                        (abs)        00000
__size_of_mygets                      (abs)        00000
__size_of_printf                      (abs)        00000
__size_of_putch                       (abs)        00000
__size_of_puts                        (abs)        00000
__size_of_sendCMD                     (abs)        00000
_cputs                                text3        004E5
_getch                                text15       00454
_hexpowers                            stringtext   00800
_isdigit                              text11       004C5
_isdigit$767                          cstackCOMMON 00070
_main                                 maintext     0063D
_mygets                               text14       00572
_printf                               text8        006C8
_putch                                text9        00457
_puts                                 text2        004AD
_rxBuffer                             bssBANK0     00020
_sendCMD                              text1        0048D
btemp                                 (abs)        0007E
clear_ram0                            clrtext      00462
cputs@s                               cstackCOMMON 00072
end_of_initialization                 cinit        007FD
intlevel0                             functab      00000
intlevel1                             functab      00000
intlevel2                             functab      00000
intlevel3                             functab      00000
intlevel4                             functab      00000
intlevel5                             functab      00000
isdigit@c                             cstackCOMMON 00071
ltemp                                 (abs)        0007E
ltemp0                                (abs)        0007E
ltemp1                                (abs)        00082
ltemp2                                (abs)        00086
ltemp3                                (abs)        00080
main@time                             cstackBANK0  0005D
main@value                            cstackBANK0  0005E
mygets@c                              cstackCOMMON 00071
mygets@i                              cstackCOMMON 00072
mygets@p                              cstackCOMMON 00073
printf@ap                             cstackBANK0  00049
printf@c                              cstackBANK0  00050
printf@f                              cstackBANK0  00040
printf@flag                           cstackBANK0  0004A
printf@idx                            cstackBANK0  00048
printf@prec                           cstackBANK0  0004D
printf@val                            cstackBANK0  0004B
printf@width                          cstackBANK0  0004E
putch@txData                          cstackCOMMON 00071
puts@s                                cstackCOMMON 00075
reset_vec                             reset_vec    00000
sendCMD@cmd                           cstackCOMMON 00077
stackhi                               (abs)        023EF
stacklo                               (abs)        0203F
start                                 init         00002
start_initialization                  cinit        007F6
ttemp                                 (abs)        0007E
ttemp0                                (abs)        0007E
ttemp1                                (abs)        00081
ttemp2                                (abs)        00084
ttemp3                                (abs)        00087
ttemp4                                (abs)        0007F
wtemp                                 (abs)        0007E
wtemp0                                (abs)        0007E
wtemp1                                (abs)        00080
wtemp2                                (abs)        00082
wtemp3                                (abs)        00084
wtemp4                                (abs)        00086
wtemp5                                (abs)        00088
wtemp6                                (abs)        0007F


FUNCTION INFORMATION:

 *************** function _main *****************
 Defined at:
		line 32 in file "main.c"
 Parameters:    Size  Location     Type
		None
 Auto vars:     Size  Location     Type
  value           1   30[BANK0 ] unsigned char 
  time            1   29[BANK0 ] unsigned char 
 Return value:  Size  Location     Type
                  1    wreg      void 
 Registers used:
		wreg, fsr0l, fsr0h, fsr1l, fsr1h, status,2, status,0, pclath, cstack
 Tracked objects:
		On entry : 
		On exit  : 
		Unchanged: 
 Data sizes:     COMMON   BANK0   BANK1   BANK2   BANK3   BANK4   BANK5   BANK6   BANK7   BANK8   BANK9  BANK10  BANK11  BANK12
      Params:         0       0       0       0       0       0       0       0       0       0       0       0       0       0
      Locals:         0       2       0       0       0       0       0       0       0       0       0       0       0       0
      Temps:          0       3       0       0       0       0       0       0       0       0       0       0       0       0
      Totals:         0       5       0       0       0       0       0       0       0       0       0       0       0       0
Total ram usage:        5 bytes
 Hardware stack levels required when called:    5
 This function calls:
		_ADC1_GetConversion
		_SYSTEM_Initialize
		_SendBatteryValue
		_SendHealthThermometer
		_SendHeartHateValue
		_TMR2_HasOverflowOccured
		_mygets
		_sendCMD
 This function is called by:
		Startup code after reset
 This function uses a non-reentrant model


 *************** function _sendCMD *****************
 Defined at:
		line 125 in file "main.c"
 Parameters:    Size  Location     Type
  cmd             2    7[COMMON] PTR const unsigned char 
		 -> STR_5(4), STR_4(13), STR_3(12), STR_2(12), 
		 -> STR_1(5), 
 Auto vars:     Size  Location     Type
		None
 Return value:  Size  Location     Type
                  1    wreg      void 
 Registers used:
		wreg, fsr0l, fsr0h, fsr1l, fsr1h, status,2, status,0, pclath, cstack
 Tracked objects:
		On entry : 
		On exit  : 
		Unchanged: 
 Data sizes:     COMMON   BANK0   BANK1   BANK2   BANK3   BANK4   BANK5   BANK6   BANK7   BANK8   BANK9  BANK10  BANK11  BANK12
      Params:         2       0       0       0       0       0       0       0       0       0       0       0       0       0
      Locals:         0       0       0       0       0       0       0       0       0       0       0       0       0       0
      Temps:          0       0       0       0       0       0       0       0       0       0       0       0       0       0
      Totals:         2       0       0       0       0       0       0       0       0       0       0       0       0       0
Total ram usage:        2 bytes
 Hardware stack levels used:    1
 Hardware stack levels required when called:    4
 This function calls:
		_mygets
		_puts
 This function is called by:
		_main
 This function uses a non-reentrant model


 *************** function _puts *****************
 Defined at:
		line 8 in file "C:\Program Files (x86)\Microchip\xc8\v1.38\sources\common\puts.c"
 Parameters:    Size  Location     Type
  s               2    5[COMMON] PTR const unsigned char 
		 -> STR_5(4), STR_4(13), STR_3(12), STR_2(12), 
		 -> STR_1(5), 
 Auto vars:     Size  Location     Type
		None
 Return value:  Size  Location     Type
                  2    5[COMMON] int 
 Registers used:
		wreg, fsr0l, fsr0h, status,2, status,0, pclath, cstack
 Tracked objects:
		On entry : 
		On exit  : 
		Unchanged: 
 Data sizes:     COMMON   BANK0   BANK1   BANK2   BANK3   BANK4   BANK5   BANK6   BANK7   BANK8   BANK9  BANK10  BANK11  BANK12
      Params:         2       0       0       0       0       0       0       0       0       0       0       0       0       0
      Locals:         0       0       0       0       0       0       0       0       0       0       0       0       0       0
      Temps:          0       0       0       0       0       0       0       0       0       0       0       0       0       0
      Totals:         2       0       0       0       0       0       0       0       0       0       0       0       0       0
Total ram usage:        2 bytes
 Hardware stack levels used:    1
 Hardware stack levels required when called:    3
 This function calls:
		_cputs
		_putch
 This function is called by:
		_sendCMD
 This function uses a non-reentrant model


 *************** function _cputs *****************
 Defined at:
		line 4 in file "C:\Program Files (x86)\Microchip\xc8\v1.38\sources\common\cputs.c"
 Parameters:    Size  Location     Type
  s               2    2[COMMON] PTR const unsigned char 
		 -> STR_5(4), STR_4(13), STR_3(12), STR_2(12), 
		 -> STR_1(5), 
 Auto vars:     Size  Location     Type
		None
 Return value:  Size  Location     Type
                  1    wreg      void 
 Registers used:
		wreg, fsr0l, fsr0h, status,2, status,0, pclath, cstack
 Tracked objects:
		On entry : 
		On exit  : 
		Unchanged: 
 Data sizes:     COMMON   BANK0   BANK1   BANK2   BANK3   BANK4   BANK5   BANK6   BANK7   BANK8   BANK9  BANK10  BANK11  BANK12
      Params:         2       0       0       0       0       0       0       0       0       0       0       0       0       0
      Locals:         0       0       0       0       0       0       0       0       0       0       0       0       0       0
      Temps:          1       0       0       0       0       0       0       0       0       0       0       0       0       0
      Totals:         3       0       0       0       0       0       0       0       0       0       0       0       0       0
Total ram usage:        3 bytes
 Hardware stack levels used:    1
 Hardware stack levels required when called:    2
 This function calls:
		_putch
 This function is called by:
		_puts
 This function uses a non-reentrant model


 *************** function _TMR2_HasOverflowOccured *****************
 Defined at:
		line 123 in file "mcc_generated_files/tmr2.c"
 Parameters:    Size  Location     Type
		None
 Auto vars:     Size  Location     Type
  status          1    0[COMMON] unsigned char 
 Return value:  Size  Location     Type
                  1    wreg      unsigned char 
 Registers used:
		wreg, status,2, status,0
 Tracked objects:
		On entry : 
		On exit  : 
		Unchanged: 
 Data sizes:     COMMON   BANK0   BANK1   BANK2   BANK3   BANK4   BANK5   BANK6   BANK7   BANK8   BANK9  BANK10  BANK11  BANK12
      Params:         0       0       0       0       0       0       0       0       0       0       0       0       0       0
      Locals:         1       0       0       0       0       0       0       0       0       0       0       0       0       0
      Temps:          0       0       0       0       0       0       0       0       0       0       0       0       0       0
      Totals:         1       0       0       0       0       0       0       0       0       0       0       0       0       0
Total ram usage:        1 bytes
 Hardware stack levels used:    1
 This function calls:
		Nothing
 This function is called by:
		_main
 This function uses a non-reentrant model


 *************** function _SendHeartHateValue *****************
 Defined at:
		line 94 in file "main.c"
 Parameters:    Size  Location     Type
  bpm             1    wreg     unsigned char 
  energy          1   17[BANK0 ] unsigned char 
  RR              1   18[BANK0 ] unsigned char 
  BodySensorLo    1   19[BANK0 ] unsigned char 
 Auto vars:     Size  Location     Type
  bpm             1   12[COMMON] unsigned char 
 Return value:  Size  Location     Type
                  1    wreg      void 
 Registers used:
		wreg, fsr0l, fsr0h, fsr1l, fsr1h, status,2, status,0, pclath, cstack
 Tracked objects:
		On entry : 
		On exit  : 
		Unchanged: 
 Data sizes:     COMMON   BANK0   BANK1   BANK2   BANK3   BANK4   BANK5   BANK6   BANK7   BANK8   BANK9  BANK10  BANK11  BANK12
      Params:         0       3       0       0       0       0       0       0       0       0       0       0       0       0
      Locals:         1       0       0       0       0       0       0       0       0       0       0       0       0       0
      Temps:          0       6       0       0       0       0       0       0       0       0       0       0       0       0
      Totals:         1       9       0       0       0       0       0       0       0       0       0       0       0       0
Total ram usage:       10 bytes
 Hardware stack levels used:    1
 Hardware stack levels required when called:    3
 This function calls:
		_mygets
		_printf
 This function is called by:
		_main
 This function uses a non-reentrant model


 *************** function _SendHealthThermometer *****************
 Defined at:
		line 105 in file "main.c"
 Parameters:    Size  Location     Type
  temperature     1    wreg     unsigned char 
  type            1   12[COMMON] unsigned char 
 Auto vars:     Size  Location     Type
  temperature     1   13[COMMON] unsigned char 
 Return value:  Size  Location     Type
                  1    wreg      void 
 Registers used:
		wreg, fsr0l, fsr0h, fsr1l, fsr1h, status,2, status,0, pclath, cstack
 Tracked objects:
		On entry : 
		On exit  : 
		Unchanged: 
 Data sizes:     COMMON   BANK0   BANK1   BANK2   BANK3   BANK4   BANK5   BANK6   BANK7   BANK8   BANK9  BANK10  BANK11  BANK12
      Params:         1       0       0       0       0       0       0       0       0       0       0       0       0       0
      Locals:         1       0       0       0       0       0       0       0       0       0       0       0       0       0
      Temps:          0       2       0       0       0       0       0       0       0       0       0       0       0       0
      Totals:         2       2       0       0       0       0       0       0       0       0       0       0       0       0
Total ram usage:        4 bytes
 Hardware stack levels used:    1
 Hardware stack levels required when called:    3
 This function calls:
		_mygets
		_printf
 This function is called by:
		_main
 This function uses a non-reentrant model


 *************** function _SendBatteryValue *****************
 Defined at:
		line 87 in file "main.c"
 Parameters:    Size  Location     Type
  value           1    wreg     unsigned char 
 Auto vars:     Size  Location     Type
  value           1   19[BANK0 ] unsigned char 
 Return value:  Size  Location     Type
                  1    wreg      void 
 Registers used:
		wreg, fsr0l, fsr0h, fsr1l, fsr1h, status,2, status,0, pclath, cstack
 Tracked objects:
		On entry : 
		On exit  : 
		Unchanged: 
 Data sizes:     COMMON   BANK0   BANK1   BANK2   BANK3   BANK4   BANK5   BANK6   BANK7   BANK8   BANK9  BANK10  BANK11  BANK12
      Params:         0       0       0       0       0       0       0       0       0       0       0       0       0       0
      Locals:         0       3       0       0       0       0       0       0       0       0       0       0       0       0
      Temps:          2       0       0       0       0       0       0       0       0       0       0       0       0       0
      Totals:         2       3       0       0       0       0       0       0       0       0       0       0       0       0
Total ram usage:        5 bytes
 Hardware stack levels used:    1
 Hardware stack levels required when called:    3
 This function calls:
		_mygets
		_printf
 This function is called by:
		_main
 This function uses a non-reentrant model


 *************** function _printf *****************
 Defined at:
		line 464 in file "C:\Program Files (x86)\Microchip\xc8\v1.38\sources\common\doprnt.c"
 Parameters:    Size  Location     Type
  f               2    0[BANK0 ] PTR const unsigned char 
		 -> STR_10(15), STR_9(23), STR_8(15), STR_7(31), 
		 -> STR_6(16), 
 Auto vars:     Size  Location     Type
  idx             1    8[BANK0 ] unsigned char 
  tmpval          4    0        struct .
  width           2   14[BANK0 ] int 
  val             2   11[BANK0 ] unsigned int 
  cp              2    0        PTR const unsigned char 
  len             2    0        unsigned int 
  c               1   16[BANK0 ] char 
  prec            1   13[BANK0 ] char 
  flag            1   10[BANK0 ] unsigned char 
  ap              1    9[BANK0 ] PTR void [1]
		 -> ?_printf(2), 
 Return value:  Size  Location     Type
                  2    0[BANK0 ] int 
 Registers used:
		wreg, fsr0l, fsr0h, fsr1l, fsr1h, status,2, status,0, pclath, cstack
 Tracked objects:
		On entry : 
		On exit  : 
		Unchanged: 
 Data sizes:     COMMON   BANK0   BANK1   BANK2   BANK3   BANK4   BANK5   BANK6   BANK7   BANK8   BANK9  BANK10  BANK11  BANK12
      Params:         0       8       0       0       0       0       0       0       0       0       0       0       0       0
      Locals:         0       9       0       0       0       0       0       0       0       0       0       0       0       0
      Temps:          4       0       0       0       0       0       0       0       0       0       0       0       0       0
      Totals:         4      17       0       0       0       0       0       0       0       0       0       0       0       0
Total ram usage:       21 bytes
 Hardware stack levels used:    1
 Hardware stack levels required when called:    2
 This function calls:
		___lwdiv
		___wmul
		_isdigit
		_putch
 This function is called by:
		_SendBatteryValue
		_SendHeartHateValue
		_SendHealthThermometer
 This function uses a non-reentrant model


 *************** function _putch *****************
 Defined at:
		line 102 in file "mcc_generated_files/eusart.c"
 Parameters:    Size  Location     Type
  txData          1    wreg     unsigned char 
 Auto vars:     Size  Location     Type
  txData          1    1[COMMON] unsigned char 
 Return value:  Size  Location     Type
                  1    wreg      void 
 Registers used:
		wreg, status,2, status,0, pclath, cstack
 Tracked objects:
		On entry : 
		On exit  : 
		Unchanged: 
 Data sizes:     COMMON   BANK0   BANK1   BANK2   BANK3   BANK4   BANK5   BANK6   BANK7   BANK8   BANK9  BANK10  BANK11  BANK12
      Params:         0       0       0       0       0       0       0       0       0       0       0       0       0       0
      Locals:         1       0       0       0       0       0       0       0       0       0       0       0       0       0
      Temps:          0       0       0       0       0       0       0       0       0       0       0       0       0       0
      Totals:         1       0       0       0       0       0       0       0       0       0       0       0       0       0
Total ram usage:        1 bytes
 Hardware stack levels used:    1
 Hardware stack levels required when called:    1
 This function calls:
		_EUSART_Write
 This function is called by:
		_printf
		_puts
		_cputs
 This function uses a non-reentrant model


 *************** function _EUSART_Write *****************
 Defined at:
		line 91 in file "mcc_generated_files/eusart.c"
 Parameters:    Size  Location     Type
  txData          1    wreg     unsigned char 
 Auto vars:     Size  Location     Type
  txData          1    0[COMMON] unsigned char 
 Return value:  Size  Location     Type
                  1    wreg      void 
 Registers used:
		wreg
 Tracked objects:
		On entry : 
		On exit  : 
		Unchanged: 
 Data sizes:     COMMON   BANK0   BANK1   BANK2   BANK3   BANK4   BANK5   BANK6   BANK7   BANK8   BANK9  BANK10  BANK11  BANK12
      Params:         0       0       0       0       0       0       0       0       0       0       0       0       0       0
      Locals:         1       0       0       0       0       0       0       0       0       0       0       0       0       0
      Temps:          0       0       0       0       0       0       0       0       0       0       0       0       0       0
      Totals:         1       0       0       0       0       0       0       0       0       0       0       0       0       0
Total ram usage:        1 bytes
 Hardware stack levels used:    1
 This function calls:
		Nothing
 This function is called by:
		_putch
 This function uses a non-reentrant model


 *************** function _isdigit *****************
 Defined at:
		line 8 in file "C:\Program Files (x86)\Microchip\xc8\v1.38\sources\common\isdigit.c"
 Parameters:    Size  Location     Type
  c               1    wreg     unsigned char 
 Auto vars:     Size  Location     Type
  c               1    1[COMMON] unsigned char 
 Return value:  Size  Location     Type
		None               void
 Registers used:
		wreg, status,2, status,0
 Tracked objects:
		On entry : 
		On exit  : 
		Unchanged: 
 Data sizes:     COMMON   BANK0   BANK1   BANK2   BANK3   BANK4   BANK5   BANK6   BANK7   BANK8   BANK9  BANK10  BANK11  BANK12
      Params:         0       0       0       0       0       0       0       0       0       0       0       0       0       0
      Locals:         2       0       0       0       0       0       0       0       0       0       0       0       0       0
      Temps:          0       0       0       0       0       0       0       0       0       0       0       0       0       0
      Totals:         2       0       0       0       0       0       0       0       0       0       0       0       0       0
Total ram usage:        2 bytes
 Hardware stack levels used:    1
 This function calls:
		Nothing
 This function is called by:
		_printf
 This function uses a non-reentrant model


 *************** function ___wmul *****************
 Defined at:
		line 15 in file "C:\Program Files (x86)\Microchip\xc8\v1.38\sources\common\Umul16.c"
 Parameters:    Size  Location     Type
  multiplier      2    0[COMMON] unsigned int 
  multiplicand    2    2[COMMON] unsigned int 
 Auto vars:     Size  Location     Type
  product         2    4[COMMON] unsigned int 
 Return value:  Size  Location     Type
                  2    0[COMMON] unsigned int 
 Registers used:
		wreg, status,2, status,0
 Tracked objects:
		On entry : 
		On exit  : 
		Unchanged: 
 Data sizes:     COMMON   BANK0   BANK1   BANK2   BANK3   BANK4   BANK5   BANK6   BANK7   BANK8   BANK9  BANK10  BANK11  BANK12
      Params:         4       0       0       0       0       0       0       0       0       0       0       0       0       0
      Locals:         2       0       0       0       0       0       0       0       0       0       0       0       0       0
      Temps:          0       0       0       0       0       0       0       0       0       0       0       0       0       0
      Totals:         6       0       0       0       0       0       0       0       0       0       0       0       0       0
Total ram usage:        6 bytes
 Hardware stack levels used:    1
 This function calls:
		Nothing
 This function is called by:
		_printf
 This function uses a non-reentrant model


 *************** function ___lwdiv *****************
 Defined at:
		line 6 in file "C:\Program Files (x86)\Microchip\xc8\v1.38\sources\common\lwdiv.c"
 Parameters:    Size  Location     Type
  divisor         2    0[COMMON] unsigned int 
  dividend        2    2[COMMON] unsigned int 
 Auto vars:     Size  Location     Type
  quotient        2    5[COMMON] unsigned int 
  counter         1    7[COMMON] unsigned char 
 Return value:  Size  Location     Type
                  2    0[COMMON] unsigned int 
 Registers used:
		wreg, status,2, status,0
 Tracked objects:
		On entry : 
		On exit  : 
		Unchanged: 
 Data sizes:     COMMON   BANK0   BANK1   BANK2   BANK3   BANK4   BANK5   BANK6   BANK7   BANK8   BANK9  BANK10  BANK11  BANK12
      Params:         4       0       0       0       0       0       0       0       0       0       0       0       0       0
      Locals:         3       0       0       0       0       0       0       0       0       0       0       0       0       0
      Temps:          1       0       0       0       0       0       0       0       0       0       0       0       0       0
      Totals:         8       0       0       0       0       0       0       0       0       0       0       0       0       0
Total ram usage:        8 bytes
 Hardware stack levels used:    1
 This function calls:
		Nothing
 This function is called by:
		_printf
 This function uses a non-reentrant model


 *************** function _mygets *****************
 Defined at:
		line 115 in file "main.c"
 Parameters:    Size  Location     Type
		None
 Auto vars:     Size  Location     Type
  p               1    3[COMMON] PTR unsigned char 
		 -> rxBuffer(32), 
  i               1    2[COMMON] unsigned char 
  c               1    1[COMMON] unsigned char 
 Return value:  Size  Location     Type
                  1    wreg      void 
 Registers used:
		wreg, fsr1l, fsr1h, status,2, status,0, pclath, cstack
 Tracked objects:
		On entry : 
		On exit  : 
		Unchanged: 
 Data sizes:     COMMON   BANK0   BANK1   BANK2   BANK3   BANK4   BANK5   BANK6   BANK7   BANK8   BANK9  BANK10  BANK11  BANK12
      Params:         0       0       0       0       0       0       0       0       0       0       0       0       0       0
      Locals:         3       0       0       0       0       0       0       0       0       0       0       0       0       0
      Temps:          1       0       0       0       0       0       0       0       0       0       0       0       0       0
      Totals:         4       0       0       0       0       0       0       0       0       0       0       0       0       0
Total ram usage:        4 bytes
 Hardware stack levels used:    1
 Hardware stack levels required when called:    2
 This function calls:
		_getch
 This function is called by:
		_main
		_SendBatteryValue
		_SendHeartHateValue
		_SendHealthThermometer
		_sendCMD
 This function uses a non-reentrant model


 *************** function _getch *****************
 Defined at:
		line 98 in file "mcc_generated_files/eusart.c"
 Parameters:    Size  Location     Type
		None
 Auto vars:     Size  Location     Type
		None
 Return value:  Size  Location     Type
                  1    wreg      unsigned char 
 Registers used:
		wreg, pclath, cstack
 Tracked objects:
		On entry : 
		On exit  : 
		Unchanged: 
 Data sizes:     COMMON   BANK0   BANK1   BANK2   BANK3   BANK4   BANK5   BANK6   BANK7   BANK8   BANK9  BANK10  BANK11  BANK12
      Params:         0       0       0       0       0       0       0       0       0       0       0       0       0       0
      Locals:         0       0       0       0       0       0       0       0       0       0       0       0       0       0
      Temps:          0       0       0       0       0       0       0       0       0       0       0       0       0       0
      Totals:         0       0       0       0       0       0       0       0       0       0       0       0       0       0
Total ram usage:        0 bytes
 Hardware stack levels used:    1
 Hardware stack levels required when called:    1
 This function calls:
		_EUSART_Read
 This function is called by:
		_mygets
 This function uses a non-reentrant model


 *************** function _EUSART_Read *****************
 Defined at:
		line 76 in file "mcc_generated_files/eusart.c"
 Parameters:    Size  Location     Type
		None
 Auto vars:     Size  Location     Type
		None
 Return value:  Size  Location     Type
                  1    wreg      unsigned char 
 Registers used:
		wreg
 Tracked objects:
		On entry : 
		On exit  : 
		Unchanged: 
 Data sizes:     COMMON   BANK0   BANK1   BANK2   BANK3   BANK4   BANK5   BANK6   BANK7   BANK8   BANK9  BANK10  BANK11  BANK12
      Params:         0       0       0       0       0       0       0       0       0       0       0       0       0       0
      Locals:         0       0       0       0       0       0       0       0       0       0       0       0       0       0
      Temps:          0       0       0       0       0       0       0       0       0       0       0       0       0       0
      Totals:         0       0       0       0       0       0       0       0       0       0       0       0       0       0
Total ram usage:        0 bytes
 Hardware stack levels used:    1
 This function calls:
		Nothing
 This function is called by:
		_getch
 This function uses a non-reentrant model


 *************** function _SYSTEM_Initialize *****************
 Defined at:
		line 77 in file "mcc_generated_files/mcc.c"
 Parameters:    Size  Location     Type
		None
 Auto vars:     Size  Location     Type
		None
 Return value:  Size  Location     Type
                  1    wreg      void 
 Registers used:
		wreg, status,2, status,0, pclath, cstack
 Tracked objects:
		On entry : 
		On exit  : 
		Unchanged: 
 Data sizes:     COMMON   BANK0   BANK1   BANK2   BANK3   BANK4   BANK5   BANK6   BANK7   BANK8   BANK9  BANK10  BANK11  BANK12
      Params:         0       0       0       0       0       0       0       0       0       0       0       0       0       0
      Locals:         0       0       0       0       0       0       0       0       0       0       0       0       0       0
      Temps:          0       0       0       0       0       0       0       0       0       0       0       0       0       0
      Totals:         0       0       0       0       0       0       0       0       0       0       0       0       0       0
Total ram usage:        0 bytes
 Hardware stack levels used:    1
 Hardware stack levels required when called:    2
 This function calls:
		_ADC1_Initialize
		_EUSART_Initialize
		_OSCILLATOR_Initialize
		_PIN_MANAGER_Initialize
		_PWM4_Initialize
		_TMR2_Initialize
 This function is called by:
		_main
 This function uses a non-reentrant model


 *************** function _TMR2_Initialize *****************
 Defined at:
		line 58 in file "mcc_generated_files/tmr2.c"
 Parameters:    Size  Location     Type
		None
 Auto vars:     Size  Location     Type
		None
 Return value:  Size  Location     Type
                  1    wreg      void 
 Registers used:
		wreg, status,2, status,0, pclath, cstack
 Tracked objects:
		On entry : 
		On exit  : 
		Unchanged: 
 Data sizes:     COMMON   BANK0   BANK1   BANK2   BANK3   BANK4   BANK5   BANK6   BANK7   BANK8   BANK9  BANK10  BANK11  BANK12
      Params:         0       0       0       0       0       0       0       0       0       0       0       0       0       0
      Locals:         0       0       0       0       0       0       0       0       0       0       0       0       0       0
      Temps:          0       0       0       0       0       0       0       0       0       0       0       0       0       0
      Totals:         0       0       0       0       0       0       0       0       0       0       0       0       0       0
Total ram usage:        0 bytes
 Hardware stack levels used:    1
 Hardware stack levels required when called:    1
 This function calls:
		_TMR2_Start
 This function is called by:
		_SYSTEM_Initialize
 This function uses a non-reentrant model


 *************** function _TMR2_Start *****************
 Defined at:
		line 96 in file "mcc_generated_files/tmr2.c"
 Parameters:    Size  Location     Type
		None
 Auto vars:     Size  Location     Type
		None
 Return value:  Size  Location     Type
                  1    wreg      void 
 Registers used:
		None
 Tracked objects:
		On entry : 
		On exit  : 
		Unchanged: 
 Data sizes:     COMMON   BANK0   BANK1   BANK2   BANK3   BANK4   BANK5   BANK6   BANK7   BANK8   BANK9  BANK10  BANK11  BANK12
      Params:         0       0       0       0       0       0       0       0       0       0       0       0       0       0
      Locals:         0       0       0       0       0       0       0       0       0       0       0       0       0       0
      Temps:          0       0       0       0       0       0       0       0       0       0       0       0       0       0
      Totals:         0       0       0       0       0       0       0       0       0       0       0       0       0       0
Total ram usage:        0 bytes
 Hardware stack levels used:    1
 This function calls:
		Nothing
 This function is called by:
		_TMR2_Initialize
 This function uses a non-reentrant model


 *************** function _PWM4_Initialize *****************
 Defined at:
		line 58 in file "mcc_generated_files/pwm4.c"
 Parameters:    Size  Location     Type
		None
 Auto vars:     Size  Location     Type
		None
 Return value:  Size  Location     Type
                  1    wreg      void 
 Registers used:
		wreg, status,2, status,0
 Tracked objects:
		On entry : 
		On exit  : 
		Unchanged: 
 Data sizes:     COMMON   BANK0   BANK1   BANK2   BANK3   BANK4   BANK5   BANK6   BANK7   BANK8   BANK9  BANK10  BANK11  BANK12
      Params:         0       0       0       0       0       0       0       0       0       0       0       0       0       0
      Locals:         0       0       0       0       0       0       0       0       0       0       0       0       0       0
      Temps:          0       0       0       0       0       0       0       0       0       0       0       0       0       0
      Totals:         0       0       0       0       0       0       0       0       0       0       0       0       0       0
Total ram usage:        0 bytes
 Hardware stack levels used:    1
 This function calls:
		Nothing
 This function is called by:
		_SYSTEM_Initialize
 This function uses a non-reentrant model


 *************** function _PIN_MANAGER_Initialize *****************
 Defined at:
		line 51 in file "mcc_generated_files/pin_manager.c"
 Parameters:    Size  Location     Type
		None
 Auto vars:     Size  Location     Type
  state           1    0[COMMON] unsigned char 
 Return value:  Size  Location     Type
                  1    wreg      void 
 Registers used:
		wreg, status,2
 Tracked objects:
		On entry : 
		On exit  : 
		Unchanged: 
 Data sizes:     COMMON   BANK0   BANK1   BANK2   BANK3   BANK4   BANK5   BANK6   BANK7   BANK8   BANK9  BANK10  BANK11  BANK12
      Params:         0       0       0       0       0       0       0       0       0       0       0       0       0       0
      Locals:         1       0       0       0       0       0       0       0       0       0       0       0       0       0
      Temps:          0       0       0       0       0       0       0       0       0       0       0       0       0       0
      Totals:         1       0       0       0       0       0       0       0       0       0       0       0       0       0
Total ram usage:        1 bytes
 Hardware stack levels used:    1
 This function calls:
		Nothing
 This function is called by:
		_SYSTEM_Initialize
 This function uses a non-reentrant model


 *************** function _OSCILLATOR_Initialize *****************
 Defined at:
		line 86 in file "mcc_generated_files/mcc.c"
 Parameters:    Size  Location     Type
		None
 Auto vars:     Size  Location     Type
		None
 Return value:  Size  Location     Type
                  1    wreg      void 
 Registers used:
		wreg, status,2
 Tracked objects:
		On entry : 
		On exit  : 
		Unchanged: 
 Data sizes:     COMMON   BANK0   BANK1   BANK2   BANK3   BANK4   BANK5   BANK6   BANK7   BANK8   BANK9  BANK10  BANK11  BANK12
      Params:         0       0       0       0       0       0       0       0       0       0       0       0       0       0
      Locals:         0       0       0       0       0       0       0       0       0       0       0       0       0       0
      Temps:          0       0       0       0       0       0       0       0       0       0       0       0       0       0
      Totals:         0       0       0       0       0       0       0       0       0       0       0       0       0       0
Total ram usage:        0 bytes
 Hardware stack levels used:    1
 This function calls:
		Nothing
 This function is called by:
		_SYSTEM_Initialize
 This function uses a non-reentrant model


 *************** function _EUSART_Initialize *****************
 Defined at:
		line 56 in file "mcc_generated_files/eusart.c"
 Parameters:    Size  Location     Type
		None
 Auto vars:     Size  Location     Type
		None
 Return value:  Size  Location     Type
                  1    wreg      void 
 Registers used:
		wreg, status,2
 Tracked objects:
		On entry : 
		On exit  : 
		Unchanged: 
 Data sizes:     COMMON   BANK0   BANK1   BANK2   BANK3   BANK4   BANK5   BANK6   BANK7   BANK8   BANK9  BANK10  BANK11  BANK12
      Params:         0       0       0       0       0       0       0       0       0       0       0       0       0       0
      Locals:         0       0       0       0       0       0       0       0       0       0       0       0       0       0
      Temps:          0       0       0       0       0       0       0       0       0       0       0       0       0       0
      Totals:         0       0       0       0       0       0       0       0       0       0       0       0       0       0
Total ram usage:        0 bytes
 Hardware stack levels used:    1
 This function calls:
		Nothing
 This function is called by:
		_SYSTEM_Initialize
 This function uses a non-reentrant model


 *************** function _ADC1_Initialize *****************
 Defined at:
		line 65 in file "mcc_generated_files/adc1.c"
 Parameters:    Size  Location     Type
		None
 Auto vars:     Size  Location     Type
		None
 Return value:  Size  Location     Type
                  1    wreg      void 
 Registers used:
		wreg, status,2
 Tracked objects:
		On entry : 
		On exit  : 
		Unchanged: 
 Data sizes:     COMMON   BANK0   BANK1   BANK2   BANK3   BANK4   BANK5   BANK6   BANK7   BANK8   BANK9  BANK10  BANK11  BANK12
      Params:         0       0       0       0       0       0       0       0       0       0       0       0       0       0
      Locals:         0       0       0       0       0       0       0       0       0       0       0       0       0       0
      Temps:          0       0       0       0       0       0       0       0       0       0       0       0       0       0
      Totals:         0       0       0       0       0       0       0       0       0       0       0       0       0       0
Total ram usage:        0 bytes
 Hardware stack levels used:    1
 This function calls:
		Nothing
 This function is called by:
		_SYSTEM_Initialize
 This function uses a non-reentrant model


 *************** function _ADC1_GetConversion *****************
 Defined at:
		line 109 in file "mcc_generated_files/adc1.c"
 Parameters:    Size  Location     Type
  channel         1    wreg     enum E11970
 Auto vars:     Size  Location     Type
  channel         1    3[COMMON] enum E11970
 Return value:  Size  Location     Type
                  2    0[COMMON] unsigned int 
 Registers used:
		wreg, status,2, status,0
 Tracked objects:
		On entry : 
		On exit  : 
		Unchanged: 
 Data sizes:     COMMON   BANK0   BANK1   BANK2   BANK3   BANK4   BANK5   BANK6   BANK7   BANK8   BANK9  BANK10  BANK11  BANK12
      Params:         2       0       0       0       0       0       0       0       0       0       0       0       0       0
      Locals:         1       0       0       0       0       0       0       0       0       0       0       0       0       0
      Temps:          1       0       0       0       0       0       0       0       0       0       0       0       0       0
      Totals:         4       0       0       0       0       0       0       0       0       0       0       0       0       0
Total ram usage:        4 bytes
 Hardware stack levels used:    1
 This function calls:
		Nothing
 This function is called by:
		_main
 This function uses a non-reentrant model



MODULE INFORMATION

Module		Function		Class		Link	Load	Size
C:\Program Files (x86)\Microchip\xc8\v1.38\sources\common\cputs.c
		_cputs         		CODE           	04E5	0000	21

C:\Program Files (x86)\Microchip\xc8\v1.38\sources\common\cputs.c estimated size: 21

mcc_generated_files/pwm4.c
		_PWM4_Initialize		CODE           	04A2	0000	12

mcc_generated_files/pwm4.c estimated size: 12

C:\Program Files (x86)\Microchip\xc8\v1.38\sources\common\Umul16.c
		___wmul        		CODE           	0513	0000	28

C:\Program Files (x86)\Microchip\xc8\v1.38\sources\common\Umul16.c estimated size: 28

mcc_generated_files/tmr2.c
		_TMR2_Initialize		CODE           	04B8	0000	14
		_TMR2_Start    		CODE           	0451	0000	4
		_TMR2_HasOverflowOccured		CODE           	0483	0000	11

mcc_generated_files/tmr2.c estimated size: 29

mcc_generated_files/adc1.c
		_ADC1_Initialize		CODE           	0470	0000	10
		_ADC1_GetConversion		CODE           	04F9	0000	27

mcc_generated_files/adc1.c estimated size: 37

C:\Program Files (x86)\Microchip\xc8\v1.38\sources\common\puts.c
		_puts          		CODE           	04AD	0000	12

C:\Program Files (x86)\Microchip\xc8\v1.38\sources\common\puts.c estimated size: 12

mcc_generated_files/pin_manager.c
		_PIN_MANAGER_Initialize		CODE           	0600	0000	62

mcc_generated_files/pin_manager.c estimated size: 62

C:\Program Files (x86)\Microchip\xc8\v1.38\sources\common\lwdiv.c
		___lwdiv       		CODE           	05CC	0000	53

C:\Program Files (x86)\Microchip\xc8\v1.38\sources\common\lwdiv.c estimated size: 53

shared
		__initialization		CODE           	07F6	0000	8
		_hexpowers     		STRCODE        	0800	0000	9

shared estimated size: 17

mcc_generated_files/mcc.c
		_OSCILLATOR_Initialize		CODE           	045C	0000	7
		_SYSTEM_Initialize		CODE           	04D3	0000	19

mcc_generated_files/mcc.c estimated size: 26

C:\Program Files (x86)\Microchip\xc8\v1.38\sources\common\isdigit.c
		_isdigit       		CODE           	04C5	0000	15

C:\Program Files (x86)\Microchip\xc8\v1.38\sources\common\isdigit.c estimated size: 15

C:\Program Files (x86)\Microchip\xc8\v1.38\sources\common\doprnt.c
		_printf        		CODE           	06C8	0000	303

C:\Program Files (x86)\Microchip\xc8\v1.38\sources\common\doprnt.c estimated size: 303

mcc_generated_files/eusart.c
		_putch         		CODE           	0457	0000	6
		_EUSART_Read   		CODE           	0479	0000	11
		_EUSART_Write  		CODE           	0468	0000	9
		_EUSART_Initialize		CODE           	0497	0000	12
		_getch         		CODE           	0454	0000	4

mcc_generated_files/eusart.c estimated size: 42

main.c
		_SendBatteryValue		CODE           	052E	0000	32
		_SendHealthThermometer		CODE           	054D	0000	38
		_main          		CODE           	063D	0000	140
		_mygets        		CODE           	0572	0000	40
		_sendCMD       		CODE           	048D	0000	11
		_SendHeartHateValue		CODE           	0599	0000	52

main.c estimated size: 313

